INFO    : Building target web
INFO    : XSL conversion of /Users/Kyle/Desktop/m103-new/source/main.ptx by /Users/Kyle/.ptx/2.40.2/core/xsl/utilities/pretext-enhanced-source.xsl
INFO    : successful application of /Users/Kyle/.ptx/2.40.2/core/xsl/utilities/pretext-enhanced-source.xsl
INFO    : XSL conversion of /Users/Kyle/Desktop/m103-new/source/main.ptx by /Users/Kyle/.ptx/2.40.2/core/xsl/utilities/pretext-enhanced-source.xsl
INFO    : successful application of /Users/Kyle/.ptx/2.40.2/core/xsl/utilities/pretext-enhanced-source.xsl
INFO    : Generating any needed assets.
INFO    : string parameters passed to extraction stylesheet: {'author.tools': 'yes', 'cli.version': '2.40', 'publisher': '/Users/Kyle/Desktop/m103-new/publication/publication.ptx'}
INFO    : discovering source file's directory name: /Users/Kyle/Desktop/m103-new/source
INFO    : verifying and expanding input directory: /Users/Kyle/Desktop/m103-new/source/../generated-assets
INFO    : input directory expanded to absolute path: /Users/Kyle/Desktop/m103-new/generated-assets
INFO    : verifying and expanding input directory: /Users/Kyle/Desktop/m103-new/source/../assets
INFO    : input directory expanded to absolute path: /Users/Kyle/Desktop/m103-new/assets
INFO    : XSL conversion of /Users/Kyle/Desktop/m103-new/source/main.ptx by /Users/Kyle/.ptx/2.40.2/core/xsl/extract-pg.xsl
INFO    : successful application of /Users/Kyle/.ptx/2.40.2/core/xsl/extract-pg.xsl
INFO    : XSL conversion of /Users/Kyle/Desktop/m103-new/source/main.ptx by /Users/Kyle/.ptx/2.40.2/core/xsl/pretext-ww-problem-sets.xsl
INFO    : successful application of /Users/Kyle/.ptx/2.40.2/core/xsl/pretext-ww-problem-sets.xsl
INFO    : XSL conversion of /Users/Kyle/Desktop/m103-new/source/main.ptx by /Users/Kyle/.ptx/2.40.2/core/xsl/support/pretext-pg-macros.xsl
INFO    : successful application of /Users/Kyle/.ptx/2.40.2/core/xsl/support/pretext-pg-macros.xsl
INFO    : validating, cleaning server URL: https://webwork-ptx.aimath.org
INFO    : building representations of generated WeBWorK problem
INFO    : sending ww-1.1.1 to server to save in /Users/Kyle/Desktop/m103-new/generated-assets/webwork: origin is 'generated'
INFO    : building representations of generated WeBWorK problem
INFO    : sending ww-1.1.2 to server to save in /Users/Kyle/Desktop/m103-new/generated-assets/webwork: origin is 'generated'
INFO    : Removing temporary directory /var/folders/n6/n642y1m14g7_wy5sv_qrzksh0000gn/T/ptx-ylhlh1eh
INFO    : Removing temporary directory /var/folders/n6/n642y1m14g7_wy5sv_qrzksh0000gn/T/ptx-__fngbac
INFO    : Finished generating assets.

INFO    : Generating any needed assets.
WARNING : Now generating QR codes
INFO    : XSL conversion of /Users/Kyle/Desktop/m103-new/source/main.ptx by /Users/Kyle/.ptx/2.40.2/core/xsl/utilities/report-publisher-variables.xsl
INFO    : successful application of /Users/Kyle/.ptx/2.40.2/core/xsl/utilities/report-publisher-variables.xsl
INFO    : discovering source file's directory name: /Users/Kyle/Desktop/m103-new/source
INFO    : verifying and expanding input directory: /Users/Kyle/Desktop/m103-new/source/../generated-assets
INFO    : input directory expanded to absolute path: /Users/Kyle/Desktop/m103-new/generated-assets
INFO    : verifying and expanding input directory: /Users/Kyle/Desktop/m103-new/source/../assets
INFO    : input directory expanded to absolute path: /Users/Kyle/Desktop/m103-new/assets
INFO    : manufacturing QR codes from /Users/Kyle/Desktop/m103-new/source/main.ptx for placement in /Users/Kyle/Desktop/m103-new/generated-assets/qrcode
INFO    : XSL conversion of /Users/Kyle/Desktop/m103-new/source/main.ptx by /Users/Kyle/.ptx/2.40.2/core/xsl/extract-qrcode.xsl
INFO    : successful application of /Users/Kyle/.ptx/2.40.2/core/xsl/extract-qrcode.xsl
INFO    : creating URL with content "https://kylemonette.github.io/mth103-book/fig_1_5_arc_graph-1.html" as /Users/Kyle/Desktop/m103-new/generated-assets/qrcode/fig_1_5_arc_graph-1.png...
INFO    : creating URL with content "https://kylemonette.github.io/mth103-book/fig_2_1_linear_graph-2.html" as /Users/Kyle/Desktop/m103-new/generated-assets/qrcode/fig_2_1_linear_graph-2.png...
INFO    : creating URL with content "https://kylemonette.github.io/mth103-book/fig_3_1_quadratic_basic-1.html" as /Users/Kyle/Desktop/m103-new/generated-assets/qrcode/fig_3_1_quadratic_basic-1.png...
INFO    : creating URL with content "https://kylemonette.github.io/mth103-book/jsx_1_2_function_graph-1.html" as /Users/Kyle/Desktop/m103-new/generated-assets/qrcode/jsx_1_2_function_graph-1.png...
INFO    : QR code creation complete
WARNING : Now generating latex images
INFO    : converting latex-image pictures from /Users/Kyle/Desktop/m103-new/source/main.ptx to svg graphics for placement in /Users/Kyle/Desktop/m103-new/generated-assets/latex-image
INFO    : extracting latex-image pictures from /Users/Kyle/Desktop/m103-new/source/main.ptx
INFO    : string parameters passed to extraction stylesheet: {'author.tools': 'yes', 'cli.version': '2.40', 'publisher': '/Users/Kyle/Desktop/m103-new/publication/publication.ptx'}
INFO    : discovering source file's directory name: /Users/Kyle/Desktop/m103-new/source
INFO    : verifying and expanding input directory: /Users/Kyle/Desktop/m103-new/source/../generated-assets
INFO    : input directory expanded to absolute path: /Users/Kyle/Desktop/m103-new/generated-assets
INFO    : verifying and expanding input directory: /Users/Kyle/Desktop/m103-new/source/../assets
INFO    : input directory expanded to absolute path: /Users/Kyle/Desktop/m103-new/assets
INFO    : discovering source file's directory name: /Users/Kyle/Desktop/m103-new/source
INFO    : XSL conversion of /Users/Kyle/Desktop/m103-new/source/main.ptx by /Users/Kyle/.ptx/2.40.2/core/xsl/extract-latex-image.xsl
INFO    : successful application of /Users/Kyle/.ptx/2.40.2/core/xsl/extract-latex-image.xsl
INFO    : converting ex_4_4_4_fig.tex to ex_4_4_4_fig.pdf
INFO    : cropping ex_4_4_4_fig.pdf to cropped-ex_4_4_4_fig.pdf
INFO    : renaming cropped-ex_4_4_4_fig.pdf to ex_4_4_4_fig.pdf
INFO    : converting ex_4_4_4_fig.pdf to ex_4_4_4_fig.svg
INFO    : converting ex_2_1_2_fig.tex to ex_2_1_2_fig.pdf
INFO    : cropping ex_2_1_2_fig.pdf to cropped-ex_2_1_2_fig.pdf
INFO    : renaming cropped-ex_2_1_2_fig.pdf to ex_2_1_2_fig.pdf
INFO    : converting ex_2_1_2_fig.pdf to ex_2_1_2_fig.svg
INFO    : converting ws_1_2_7_fig.tex to ws_1_2_7_fig.pdf
INFO    : cropping ws_1_2_7_fig.pdf to cropped-ws_1_2_7_fig.pdf
INFO    : renaming cropped-ws_1_2_7_fig.pdf to ws_1_2_7_fig.pdf
INFO    : converting ws_1_2_7_fig.pdf to ws_1_2_7_fig.svg
INFO    : converting 1_5_1_fig.tex to 1_5_1_fig.pdf
INFO    : cropping 1_5_1_fig.pdf to cropped-1_5_1_fig.pdf
INFO    : renaming cropped-1_5_1_fig.pdf to 1_5_1_fig.pdf
INFO    : converting 1_5_1_fig.pdf to 1_5_1_fig.svg
INFO    : converting 4_3_summary_odd_pos_fig.tex to 4_3_summary_odd_pos_fig.pdf
INFO    : cropping 4_3_summary_odd_pos_fig.pdf to cropped-4_3_summary_odd_pos_fig.pdf
INFO    : renaming cropped-4_3_summary_odd_pos_fig.pdf to 4_3_summary_odd_pos_fig.pdf
INFO    : converting 4_3_summary_odd_pos_fig.pdf to 4_3_summary_odd_pos_fig.svg
INFO    : converting 3_1_3_fig.tex to 3_1_3_fig.pdf
INFO    : cropping 3_1_3_fig.pdf to cropped-3_1_3_fig.pdf
INFO    : renaming cropped-3_1_3_fig.pdf to 3_1_3_fig.pdf
INFO    : converting 3_1_3_fig.pdf to 3_1_3_fig.svg
INFO    : converting ex_3_4_1_fig.tex to ex_3_4_1_fig.pdf
INFO    : cropping ex_3_4_1_fig.pdf to cropped-ex_3_4_1_fig.pdf
INFO    : renaming cropped-ex_3_4_1_fig.pdf to ex_3_4_1_fig.pdf
INFO    : converting ex_3_4_1_fig.pdf to ex_3_4_1_fig.svg
INFO    : converting ex_4_3_6_fig.tex to ex_4_3_6_fig.pdf
INFO    : cropping ex_4_3_6_fig.pdf to cropped-ex_4_3_6_fig.pdf
INFO    : renaming cropped-ex_4_3_6_fig.pdf to ex_4_3_6_fig.pdf
INFO    : converting ex_4_3_6_fig.pdf to ex_4_3_6_fig.svg
INFO    : converting 4_4_3_fig.tex to 4_4_3_fig.pdf
INFO    : cropping 4_4_3_fig.pdf to cropped-4_4_3_fig.pdf
INFO    : renaming cropped-4_4_3_fig.pdf to 4_4_3_fig.pdf
INFO    : converting 4_4_3_fig.pdf to 4_4_3_fig.svg
INFO    : converting fig_1_2_4_fig.tex to fig_1_2_4_fig.pdf
INFO    : cropping fig_1_2_4_fig.pdf to cropped-fig_1_2_4_fig.pdf
INFO    : renaming cropped-fig_1_2_4_fig.pdf to fig_1_2_4_fig.pdf
INFO    : converting fig_1_2_4_fig.pdf to fig_1_2_4_fig.svg
INFO    : converting 2_1_5_fig.tex to 2_1_5_fig.pdf
INFO    : cropping 2_1_5_fig.pdf to cropped-2_1_5_fig.pdf
INFO    : renaming cropped-2_1_5_fig.pdf to 2_1_5_fig.pdf
INFO    : converting 2_1_5_fig.pdf to 2_1_5_fig.svg
INFO    : converting 2_2_1_fig.tex to 2_2_1_fig.pdf
INFO    : cropping 2_2_1_fig.pdf to cropped-2_2_1_fig.pdf
INFO    : renaming cropped-2_2_1_fig.pdf to 2_2_1_fig.pdf
INFO    : converting 2_2_1_fig.pdf to 2_2_1_fig.svg
INFO    : converting 1_4_2_fig.tex to 1_4_2_fig.pdf
INFO    : cropping 1_4_2_fig.pdf to cropped-1_4_2_fig.pdf
INFO    : renaming cropped-1_4_2_fig.pdf to 1_4_2_fig.pdf
INFO    : converting 1_4_2_fig.pdf to 1_4_2_fig.svg
INFO    : converting 4_3_summary_odd_neg_fig.tex to 4_3_summary_odd_neg_fig.pdf
INFO    : cropping 4_3_summary_odd_neg_fig.pdf to cropped-4_3_summary_odd_neg_fig.pdf
INFO    : renaming cropped-4_3_summary_odd_neg_fig.pdf to 4_3_summary_odd_neg_fig.pdf
INFO    : converting 4_3_summary_odd_neg_fig.pdf to 4_3_summary_odd_neg_fig.svg
INFO    : converting 4_3_1_fig.tex to 4_3_1_fig.pdf
INFO    : cropping 4_3_1_fig.pdf to cropped-4_3_1_fig.pdf
INFO    : renaming cropped-4_3_1_fig.pdf to 4_3_1_fig.pdf
INFO    : converting 4_3_1_fig.pdf to 4_3_1_fig.svg
INFO    : converting ex_1_2_4_fig.tex to ex_1_2_4_fig.pdf
INFO    : cropping ex_1_2_4_fig.pdf to cropped-ex_1_2_4_fig.pdf
INFO    : renaming cropped-ex_1_2_4_fig.pdf to ex_1_2_4_fig.pdf
INFO    : converting ex_1_2_4_fig.pdf to ex_1_2_4_fig.svg
INFO    : converting 2_1_4_fig.tex to 2_1_4_fig.pdf
INFO    : cropping 2_1_4_fig.pdf to cropped-2_1_4_fig.pdf
INFO    : renaming cropped-2_1_4_fig.pdf to 2_1_4_fig.pdf
INFO    : converting 2_1_4_fig.pdf to 2_1_4_fig.svg
INFO    : converting fig_1_2_5_fig.tex to fig_1_2_5_fig.pdf
INFO    : cropping fig_1_2_5_fig.pdf to cropped-fig_1_2_5_fig.pdf
INFO    : renaming cropped-fig_1_2_5_fig.pdf to fig_1_2_5_fig.pdf
INFO    : converting fig_1_2_5_fig.pdf to fig_1_2_5_fig.svg
INFO    : converting 4_4_2_fig.tex to 4_4_2_fig.pdf
INFO    : cropping 4_4_2_fig.pdf to cropped-4_4_2_fig.pdf
INFO    : renaming cropped-4_4_2_fig.pdf to 4_4_2_fig.pdf
INFO    : converting 4_4_2_fig.pdf to 4_4_2_fig.svg
INFO    : converting 4_4_summary_even_neg_neg_fig.tex to 4_4_summary_even_neg_neg_fig.pdf
INFO    : cropping 4_4_summary_even_neg_neg_fig.pdf to cropped-4_4_summary_even_neg_neg_fig.pdf
INFO    : renaming cropped-4_4_summary_even_neg_neg_fig.pdf to 4_4_summary_even_neg_neg_fig.pdf
INFO    : converting 4_4_summary_even_neg_neg_fig.pdf to 4_4_summary_even_neg_neg_fig.svg
INFO    : converting 1_4_3_fig.tex to 1_4_3_fig.pdf
INFO    : cropping 1_4_3_fig.pdf to cropped-1_4_3_fig.pdf
INFO    : renaming cropped-1_4_3_fig.pdf to 1_4_3_fig.pdf
INFO    : converting 1_4_3_fig.pdf to 1_4_3_fig.svg
INFO    : converting 1_3_1_fig.tex to 1_3_1_fig.pdf
INFO    : cropping 1_3_1_fig.pdf to cropped-1_3_1_fig.pdf
INFO    : renaming cropped-1_3_1_fig.pdf to 1_3_1_fig.pdf
INFO    : converting 1_3_1_fig.pdf to 1_3_1_fig.svg
INFO    : converting ex_1_2_5_fig.tex to ex_1_2_5_fig.pdf
INFO    : cropping ex_1_2_5_fig.pdf to cropped-ex_1_2_5_fig.pdf
INFO    : renaming cropped-ex_1_2_5_fig.pdf to ex_1_2_5_fig.pdf
INFO    : converting ex_1_2_5_fig.pdf to ex_1_2_5_fig.svg
INFO    : converting ex_2_1_3_fig.tex to ex_2_1_3_fig.pdf
INFO    : cropping ex_2_1_3_fig.pdf to cropped-ex_2_1_3_fig.pdf
INFO    : renaming cropped-ex_2_1_3_fig.pdf to ex_2_1_3_fig.pdf
INFO    : converting ex_2_1_3_fig.pdf to ex_2_1_3_fig.svg
INFO    : converting ex_4_4_5_fig.tex to ex_4_4_5_fig.pdf
INFO    : cropping ex_4_4_5_fig.pdf to cropped-ex_4_4_5_fig.pdf
INFO    : renaming cropped-ex_4_4_5_fig.pdf to ex_4_4_5_fig.pdf
INFO    : converting ex_4_4_5_fig.pdf to ex_4_4_5_fig.svg
INFO    : converting 3_1_2_fig.tex to 3_1_2_fig.pdf
INFO    : cropping 3_1_2_fig.pdf to cropped-3_1_2_fig.pdf
INFO    : renaming cropped-3_1_2_fig.pdf to 3_1_2_fig.pdf
INFO    : converting 3_1_2_fig.pdf to 3_1_2_fig.svg
INFO    : converting ws_1_2_6_fig.tex to ws_1_2_6_fig.pdf
ERROR   : LaTeX compilation of ws_1_2_6_fig.tex failed.
Re-run, requesting "source" as the format, to analyze the image.
Likely creating the entire document as PDF will fail similarly.
The transcript of the LaTeX run follows.
WARNING : LaTeX compilation of ws_1_2_6_fig.tex failed
INFO    : converting 4_4_summary_even_neg_pos_fig.tex to 4_4_summary_even_neg_pos_fig.pdf
INFO    : cropping 4_4_summary_even_neg_pos_fig.pdf to cropped-4_4_summary_even_neg_pos_fig.pdf
INFO    : renaming cropped-4_4_summary_even_neg_pos_fig.pdf to 4_4_summary_even_neg_pos_fig.pdf
INFO    : converting 4_4_summary_even_neg_pos_fig.pdf to 4_4_summary_even_neg_pos_fig.svg
INFO    : converting ex_4_3_7_fig.tex to ex_4_3_7_fig.pdf
INFO    : cropping ex_4_3_7_fig.pdf to cropped-ex_4_3_7_fig.pdf
INFO    : renaming cropped-ex_4_3_7_fig.pdf to ex_4_3_7_fig.pdf
INFO    : converting ex_4_3_7_fig.pdf to ex_4_3_7_fig.svg
INFO    : converting 1_4_1_fig.tex to 1_4_1_fig.pdf
INFO    : cropping 1_4_1_fig.pdf to cropped-1_4_1_fig.pdf
INFO    : renaming cropped-1_4_1_fig.pdf to 1_4_1_fig.pdf
INFO    : converting 1_4_1_fig.pdf to 1_4_1_fig.svg
INFO    : converting 2_2_2_fig.tex to 2_2_2_fig.pdf
INFO    : cropping 2_2_2_fig.pdf to cropped-2_2_2_fig.pdf
INFO    : renaming cropped-2_2_2_fig.pdf to 2_2_2_fig.pdf
INFO    : converting 2_2_2_fig.pdf to 2_2_2_fig.svg
INFO    : converting 2_1_6_fig.tex to 2_1_6_fig.pdf
INFO    : cropping 2_1_6_fig.pdf to cropped-2_1_6_fig.pdf
INFO    : renaming cropped-2_1_6_fig.pdf to 2_1_6_fig.pdf
INFO    : converting 2_1_6_fig.pdf to 2_1_6_fig.svg
INFO    : converting fig_1_2_7_fig.tex to fig_1_2_7_fig.pdf
INFO    : cropping fig_1_2_7_fig.pdf to cropped-fig_1_2_7_fig.pdf
INFO    : renaming cropped-fig_1_2_7_fig.pdf to fig_1_2_7_fig.pdf
INFO    : converting fig_1_2_7_fig.pdf to fig_1_2_7_fig.svg
INFO    : converting 1_3_3_fig.tex to 1_3_3_fig.pdf
INFO    : cropping 1_3_3_fig.pdf to cropped-1_3_3_fig.pdf
INFO    : renaming cropped-1_3_3_fig.pdf to 1_3_3_fig.pdf
INFO    : converting 1_3_3_fig.pdf to 1_3_3_fig.svg
INFO    : converting ex_1_2_7_fig.tex to ex_1_2_7_fig.pdf
INFO    : cropping ex_1_2_7_fig.pdf to cropped-ex_1_2_7_fig.pdf
INFO    : renaming cropped-ex_1_2_7_fig.pdf to ex_1_2_7_fig.pdf
INFO    : converting ex_1_2_7_fig.pdf to ex_1_2_7_fig.svg
INFO    : converting 4_3_2_fig.tex to 4_3_2_fig.pdf
INFO    : cropping 4_3_2_fig.pdf to cropped-4_3_2_fig.pdf
INFO    : renaming cropped-4_3_2_fig.pdf to 4_3_2_fig.pdf
INFO    : converting 4_3_2_fig.pdf to 4_3_2_fig.svg
INFO    : converting ws_1_2_4_fig.tex to ws_1_2_4_fig.pdf
INFO    : cropping ws_1_2_4_fig.pdf to cropped-ws_1_2_4_fig.pdf
INFO    : renaming cropped-ws_1_2_4_fig.pdf to ws_1_2_4_fig.pdf
INFO    : converting ws_1_2_4_fig.pdf to ws_1_2_4_fig.svg
INFO    : converting 2_3_1_fig.tex to 2_3_1_fig.pdf
INFO    : cropping 2_3_1_fig.pdf to cropped-2_3_1_fig.pdf
INFO    : renaming cropped-2_3_1_fig.pdf to 2_3_1_fig.pdf
INFO    : converting 2_3_1_fig.pdf to 2_3_1_fig.svg
INFO    : converting 1_5_2_fig.tex to 1_5_2_fig.pdf
INFO    : cropping 1_5_2_fig.pdf to cropped-1_5_2_fig.pdf
INFO    : renaming cropped-1_5_2_fig.pdf to 1_5_2_fig.pdf
INFO    : converting 1_5_2_fig.pdf to 1_5_2_fig.svg
INFO    : converting 4_4_9_fig.tex to 4_4_9_fig.pdf
INFO    : cropping 4_4_9_fig.pdf to cropped-4_4_9_fig.pdf
INFO    : renaming cropped-4_4_9_fig.pdf to 4_4_9_fig.pdf
INFO    : converting 4_4_9_fig.pdf to 4_4_9_fig.svg
INFO    : converting ex_2_1_1_fig.tex to ex_2_1_1_fig.pdf
INFO    : cropping ex_2_1_1_fig.pdf to cropped-ex_2_1_1_fig.pdf
INFO    : renaming cropped-ex_2_1_1_fig.pdf to ex_2_1_1_fig.pdf
INFO    : converting ex_2_1_1_fig.pdf to ex_2_1_1_fig.svg
INFO    : converting ex_4_4_7_fig.tex to ex_4_4_7_fig.pdf
INFO    : cropping ex_4_4_7_fig.pdf to cropped-ex_4_4_7_fig.pdf
INFO    : renaming cropped-ex_4_4_7_fig.pdf to ex_4_4_7_fig.pdf
INFO    : converting ex_4_4_7_fig.pdf to ex_4_4_7_fig.svg
INFO    : converting ex_4_3_5_fig.tex to ex_4_3_5_fig.pdf
INFO    : cropping ex_4_3_5_fig.pdf to cropped-ex_4_3_5_fig.pdf
INFO    : renaming cropped-ex_4_3_5_fig.pdf to ex_4_3_5_fig.pdf
INFO    : converting ex_4_3_5_fig.pdf to ex_4_3_5_fig.svg
INFO    : converting ex_3_4_2_fig.tex to ex_3_4_2_fig.pdf
INFO    : cropping ex_3_4_2_fig.pdf to cropped-ex_3_4_2_fig.pdf
INFO    : renaming cropped-ex_3_4_2_fig.pdf to ex_3_4_2_fig.pdf
INFO    : converting ex_3_4_2_fig.pdf to ex_3_4_2_fig.svg
INFO    : converting 4_4_8_fig.tex to 4_4_8_fig.pdf
INFO    : cropping 4_4_8_fig.pdf to cropped-4_4_8_fig.pdf
INFO    : renaming cropped-4_4_8_fig.pdf to 4_4_8_fig.pdf
INFO    : converting 4_4_8_fig.pdf to 4_4_8_fig.svg
INFO    : converting 1_5_3_fig.tex to 1_5_3_fig.pdf
INFO    : cropping 1_5_3_fig.pdf to cropped-1_5_3_fig.pdf
INFO    : renaming cropped-1_5_3_fig.pdf to 1_5_3_fig.pdf
INFO    : converting 1_5_3_fig.pdf to 1_5_3_fig.svg
INFO    : converting ws_1_2_5_fig.tex to ws_1_2_5_fig.pdf
ERROR   : LaTeX compilation of ws_1_2_5_fig.tex failed.
Re-run, requesting "source" as the format, to analyze the image.
Likely creating the entire document as PDF will fail similarly.
The transcript of the LaTeX run follows.
WARNING : LaTeX compilation of ws_1_2_5_fig.tex failed
INFO    : converting 4_4_summary_odd_neg_pos_fig.tex to 4_4_summary_odd_neg_pos_fig.pdf
INFO    : cropping 4_4_summary_odd_neg_pos_fig.pdf to cropped-4_4_summary_odd_neg_pos_fig.pdf
INFO    : renaming cropped-4_4_summary_odd_neg_pos_fig.pdf to 4_4_summary_odd_neg_pos_fig.pdf
INFO    : converting 4_4_summary_odd_neg_pos_fig.pdf to 4_4_summary_odd_neg_pos_fig.svg
INFO    : converting ex_1_2_5a_fig.tex to ex_1_2_5a_fig.pdf
INFO    : cropping ex_1_2_5a_fig.pdf to cropped-ex_1_2_5a_fig.pdf
INFO    : renaming cropped-ex_1_2_5a_fig.pdf to ex_1_2_5a_fig.pdf
INFO    : converting ex_1_2_5a_fig.pdf to ex_1_2_5a_fig.svg
INFO    : converting 2_2_3_fig.tex to 2_2_3_fig.pdf
INFO    : cropping 2_2_3_fig.pdf to cropped-2_2_3_fig.pdf
INFO    : renaming cropped-2_2_3_fig.pdf to 2_2_3_fig.pdf
INFO    : converting 2_2_3_fig.pdf to 2_2_3_fig.svg
INFO    : converting 4_4_1_fig.tex to 4_4_1_fig.pdf
INFO    : cropping 4_4_1_fig.pdf to cropped-4_4_1_fig.pdf
INFO    : renaming cropped-4_4_1_fig.pdf to 4_4_1_fig.pdf
INFO    : converting 4_4_1_fig.pdf to 4_4_1_fig.svg
INFO    : converting fig_1_2_6_fig.tex to fig_1_2_6_fig.pdf
INFO    : cropping fig_1_2_6_fig.pdf to cropped-fig_1_2_6_fig.pdf
INFO    : renaming cropped-fig_1_2_6_fig.pdf to fig_1_2_6_fig.pdf
INFO    : converting fig_1_2_6_fig.pdf to fig_1_2_6_fig.svg
INFO    : converting 2_1_7_fig.tex to 2_1_7_fig.pdf
INFO    : cropping 2_1_7_fig.pdf to cropped-2_1_7_fig.pdf
INFO    : renaming cropped-2_1_7_fig.pdf to 2_1_7_fig.pdf
INFO    : converting 2_1_7_fig.pdf to 2_1_7_fig.svg
INFO    : converting 3_1_8_fig.tex to 3_1_8_fig.pdf
INFO    : cropping 3_1_8_fig.pdf to cropped-3_1_8_fig.pdf
INFO    : renaming cropped-3_1_8_fig.pdf to 3_1_8_fig.pdf
INFO    : converting 3_1_8_fig.pdf to 3_1_8_fig.svg
INFO    : converting 4_4_summary_odd_neg_neg_fig.tex to 4_4_summary_odd_neg_neg_fig.pdf
INFO    : cropping 4_4_summary_odd_neg_neg_fig.pdf to cropped-4_4_summary_odd_neg_neg_fig.pdf
INFO    : renaming cropped-4_4_summary_odd_neg_neg_fig.pdf to 4_4_summary_odd_neg_neg_fig.pdf
INFO    : converting 4_4_summary_odd_neg_neg_fig.pdf to 4_4_summary_odd_neg_neg_fig.svg
INFO    : converting ex_1_2_6_fig.tex to ex_1_2_6_fig.pdf
INFO    : cropping ex_1_2_6_fig.pdf to cropped-ex_1_2_6_fig.pdf
INFO    : renaming cropped-ex_1_2_6_fig.pdf to ex_1_2_6_fig.pdf
INFO    : converting ex_1_2_6_fig.pdf to ex_1_2_6_fig.svg
INFO    : converting 1_3_2_fig.tex to 1_3_2_fig.pdf
INFO    : cropping 1_3_2_fig.pdf to cropped-1_3_2_fig.pdf
INFO    : renaming cropped-1_3_2_fig.pdf to 1_3_2_fig.pdf
INFO    : converting 1_3_2_fig.pdf to 1_3_2_fig.svg
INFO    : converting 4_3_3_fig.tex to 4_3_3_fig.pdf
INFO    : cropping 4_3_3_fig.pdf to cropped-4_3_3_fig.pdf
INFO    : renaming cropped-4_3_3_fig.pdf to 4_3_3_fig.pdf
INFO    : converting 4_3_3_fig.pdf to 4_3_3_fig.svg
INFO    : converting ex_1_2_3_fig.tex to ex_1_2_3_fig.pdf
INFO    : cropping ex_1_2_3_fig.pdf to cropped-ex_1_2_3_fig.pdf
INFO    : renaming cropped-ex_1_2_3_fig.pdf to ex_1_2_3_fig.pdf
INFO    : converting ex_1_2_3_fig.pdf to ex_1_2_3_fig.svg
INFO    : converting ex_1_2_10_fig.tex to ex_1_2_10_fig.pdf
INFO    : cropping ex_1_2_10_fig.pdf to cropped-ex_1_2_10_fig.pdf
INFO    : renaming cropped-ex_1_2_10_fig.pdf to ex_1_2_10_fig.pdf
INFO    : converting ex_1_2_10_fig.pdf to ex_1_2_10_fig.svg
INFO    : converting ws_1_4_1_fig.tex to ws_1_4_1_fig.pdf
INFO    : cropping ws_1_4_1_fig.pdf to cropped-ws_1_4_1_fig.pdf
INFO    : renaming cropped-ws_1_4_1_fig.pdf to ws_1_4_1_fig.pdf
INFO    : converting ws_1_4_1_fig.pdf to ws_1_4_1_fig.svg
INFO    : converting 3_4_1_fig.tex to 3_4_1_fig.pdf
INFO    : cropping 3_4_1_fig.pdf to cropped-3_4_1_fig.pdf
INFO    : renaming cropped-3_4_1_fig.pdf to 3_4_1_fig.pdf
INFO    : converting 3_4_1_fig.pdf to 3_4_1_fig.svg
INFO    : converting 1_4_5_fig.tex to 1_4_5_fig.pdf
INFO    : cropping 1_4_5_fig.pdf to cropped-1_4_5_fig.pdf
INFO    : renaming cropped-1_4_5_fig.pdf to 1_4_5_fig.pdf
INFO    : converting 1_4_5_fig.pdf to 1_4_5_fig.svg
INFO    : converting 4_4_4_fig.tex to 4_4_4_fig.pdf
INFO    : cropping 4_4_4_fig.pdf to cropped-4_4_4_fig.pdf
INFO    : renaming cropped-4_4_4_fig.pdf to 4_4_4_fig.pdf
INFO    : converting 4_4_4_fig.pdf to 4_4_4_fig.svg
INFO    : converting ws_1_2_9_fig.tex to ws_1_2_9_fig.pdf
ERROR   : LaTeX compilation of ws_1_2_9_fig.tex failed.
Re-run, requesting "source" as the format, to analyze the image.
Likely creating the entire document as PDF will fail similarly.
The transcript of the LaTeX run follows.
WARNING : LaTeX compilation of ws_1_2_9_fig.tex failed
INFO    : converting ex_4_4_11_fig.tex to ex_4_4_11_fig.pdf
INFO    : cropping ex_4_4_11_fig.pdf to cropped-ex_4_4_11_fig.pdf
INFO    : renaming cropped-ex_4_4_11_fig.pdf to ex_4_4_11_fig.pdf
INFO    : converting ex_4_4_11_fig.pdf to ex_4_4_11_fig.svg
INFO    : converting fig_1_2_3_fig.tex to fig_1_2_3_fig.pdf
INFO    : cropping fig_1_2_3_fig.pdf to cropped-fig_1_2_3_fig.pdf
INFO    : renaming cropped-fig_1_2_3_fig.pdf to fig_1_2_3_fig.pdf
INFO    : converting fig_1_2_3_fig.pdf to fig_1_2_3_fig.svg
INFO    : converting 2_1_2_fig.tex to 2_1_2_fig.pdf
INFO    : cropping 2_1_2_fig.pdf to cropped-2_1_2_fig.pdf
INFO    : renaming cropped-2_1_2_fig.pdf to 2_1_2_fig.pdf
INFO    : converting 2_1_2_fig.pdf to 2_1_2_fig.svg
INFO    : converting ex_4_3_1_fig.tex to ex_4_3_1_fig.pdf
INFO    : cropping ex_4_3_1_fig.pdf to cropped-ex_4_3_1_fig.pdf
INFO    : renaming cropped-ex_4_3_1_fig.pdf to ex_4_3_1_fig.pdf
INFO    : converting ex_4_3_1_fig.pdf to ex_4_3_1_fig.svg
INFO    : converting ex_1_4_2_fig.tex to ex_1_4_2_fig.pdf
INFO    : cropping ex_1_4_2_fig.pdf to cropped-ex_1_4_2_fig.pdf
INFO    : renaming cropped-ex_1_4_2_fig.pdf to ex_1_4_2_fig.pdf
INFO    : converting ex_1_4_2_fig.pdf to ex_1_4_2_fig.svg
INFO    : converting 3_1_4_fig.tex to 3_1_4_fig.pdf
INFO    : cropping 3_1_4_fig.pdf to cropped-3_1_4_fig.pdf
INFO    : renaming cropped-3_1_4_fig.pdf to 3_1_4_fig.pdf
INFO    : converting 3_1_4_fig.pdf to 3_1_4_fig.svg
INFO    : converting ex_2_1_5_fig.tex to ex_2_1_5_fig.pdf
INFO    : cropping ex_2_1_5_fig.pdf to cropped-ex_2_1_5_fig.pdf
INFO    : renaming cropped-ex_2_1_5_fig.pdf to ex_2_1_5_fig.pdf
INFO    : converting ex_2_1_5_fig.pdf to ex_2_1_5_fig.svg
INFO    : converting ex_1_3_1_fig.tex to ex_1_3_1_fig.pdf
INFO    : cropping ex_1_3_1_fig.pdf to cropped-ex_1_3_1_fig.pdf
INFO    : renaming cropped-ex_1_3_1_fig.pdf to ex_1_3_1_fig.pdf
INFO    : converting ex_1_3_1_fig.pdf to ex_1_3_1_fig.svg
INFO    : converting ws_1_2_1_fig.tex to ws_1_2_1_fig.pdf
INFO    : cropping ws_1_2_1_fig.pdf to cropped-ws_1_2_1_fig.pdf
INFO    : renaming cropped-ws_1_2_1_fig.pdf to ws_1_2_1_fig.pdf
INFO    : converting ws_1_2_1_fig.pdf to ws_1_2_1_fig.svg
INFO    : converting 3_1_5_fig.tex to 3_1_5_fig.pdf
INFO    : cropping 3_1_5_fig.pdf to cropped-3_1_5_fig.pdf
INFO    : renaming cropped-3_1_5_fig.pdf to 3_1_5_fig.pdf
INFO    : converting 3_1_5_fig.pdf to 3_1_5_fig.svg
INFO    : converting ex_2_1_4_fig.tex to ex_2_1_4_fig.pdf
INFO    : cropping ex_2_1_4_fig.pdf to cropped-ex_2_1_4_fig.pdf
INFO    : renaming cropped-ex_2_1_4_fig.pdf to ex_2_1_4_fig.pdf
INFO    : converting ex_2_1_4_fig.pdf to ex_2_1_4_fig.svg
INFO    : converting 3_2_1_fig.tex to 3_2_1_fig.pdf
INFO    : cropping 3_2_1_fig.pdf to cropped-3_2_1_fig.pdf
INFO    : renaming cropped-3_2_1_fig.pdf to 3_2_1_fig.pdf
INFO    : converting 3_2_1_fig.pdf to 3_2_1_fig.svg
INFO    : converting ex_4_3_9_fig.tex to ex_4_3_9_fig.pdf
INFO    : cropping ex_4_3_9_fig.pdf to cropped-ex_4_3_9_fig.pdf
INFO    : renaming cropped-ex_4_3_9_fig.pdf to ex_4_3_9_fig.pdf
INFO    : converting ex_4_3_9_fig.pdf to ex_4_3_9_fig.svg
INFO    : converting ex_1_2_11_fig.tex to ex_1_2_11_fig.pdf
INFO    : cropping ex_1_2_11_fig.pdf to cropped-ex_1_2_11_fig.pdf
INFO    : renaming cropped-ex_1_2_11_fig.pdf to ex_1_2_11_fig.pdf
INFO    : converting ex_1_2_11_fig.pdf to ex_1_2_11_fig.svg
INFO    : converting ex_1_2_2_fig.tex to ex_1_2_2_fig.pdf
INFO    : cropping ex_1_2_2_fig.pdf to cropped-ex_1_2_2_fig.pdf
INFO    : renaming cropped-ex_1_2_2_fig.pdf to ex_1_2_2_fig.pdf
INFO    : converting ex_1_2_2_fig.pdf to ex_1_2_2_fig.svg
INFO    : converting ex_3_1_2_fig.tex to ex_3_1_2_fig.pdf
INFO    : cropping ex_3_1_2_fig.pdf to cropped-ex_3_1_2_fig.pdf
INFO    : renaming cropped-ex_3_1_2_fig.pdf to ex_3_1_2_fig.pdf
INFO    : converting ex_3_1_2_fig.pdf to ex_3_1_2_fig.svg
INFO    : converting 1_4_4_fig.tex to 1_4_4_fig.pdf
INFO    : cropping 1_4_4_fig.pdf to cropped-1_4_4_fig.pdf
INFO    : renaming cropped-1_4_4_fig.pdf to 1_4_4_fig.pdf
INFO    : converting 1_4_4_fig.pdf to 1_4_4_fig.svg
INFO    : converting ws_1_2_8_fig.tex to ws_1_2_8_fig.pdf
INFO    : cropping ws_1_2_8_fig.pdf to cropped-ws_1_2_8_fig.pdf
INFO    : renaming cropped-ws_1_2_8_fig.pdf to ws_1_2_8_fig.pdf
INFO    : converting ws_1_2_8_fig.pdf to ws_1_2_8_fig.svg
INFO    : converting 2_1_3_fig.tex to 2_1_3_fig.pdf
INFO    : cropping 2_1_3_fig.pdf to cropped-2_1_3_fig.pdf
INFO    : renaming cropped-2_1_3_fig.pdf to 2_1_3_fig.pdf
INFO    : converting 2_1_3_fig.pdf to 2_1_3_fig.svg
INFO    : converting fig_1_2_2_fig.tex to fig_1_2_2_fig.pdf
INFO    : cropping fig_1_2_2_fig.pdf to cropped-fig_1_2_2_fig.pdf
INFO    : renaming cropped-fig_1_2_2_fig.pdf to fig_1_2_2_fig.pdf
INFO    : converting fig_1_2_2_fig.pdf to fig_1_2_2_fig.svg
INFO    : converting ex_4_4_10_fig.tex to ex_4_4_10_fig.pdf
INFO    : cropping ex_4_4_10_fig.pdf to cropped-ex_4_4_10_fig.pdf
INFO    : renaming cropped-ex_4_4_10_fig.pdf to ex_4_4_10_fig.pdf
INFO    : converting ex_4_4_10_fig.pdf to ex_4_4_10_fig.svg
INFO    : converting 4_4_5_fig.tex to 4_4_5_fig.pdf
INFO    : cropping 4_4_5_fig.pdf to cropped-4_4_5_fig.pdf
INFO    : renaming cropped-4_4_5_fig.pdf to 4_4_5_fig.pdf
INFO    : converting 4_4_5_fig.pdf to 4_4_5_fig.svg
INFO    : converting ex_4_3_2_fig.tex to ex_4_3_2_fig.pdf
INFO    : cropping ex_4_3_2_fig.pdf to cropped-ex_4_3_2_fig.pdf
INFO    : renaming cropped-ex_4_3_2_fig.pdf to ex_4_3_2_fig.pdf
INFO    : converting ex_4_3_2_fig.pdf to ex_4_3_2_fig.svg
INFO    : converting ex_4_3_10_fig.tex to ex_4_3_10_fig.pdf
INFO    : cropping ex_4_3_10_fig.pdf to cropped-ex_4_3_10_fig.pdf
INFO    : renaming cropped-ex_4_3_10_fig.pdf to ex_4_3_10_fig.pdf
INFO    : converting ex_4_3_10_fig.pdf to ex_4_3_10_fig.svg
INFO    : converting ws_1_2_11_fig.tex to ws_1_2_11_fig.pdf
INFO    : cropping ws_1_2_11_fig.pdf to cropped-ws_1_2_11_fig.pdf
INFO    : renaming cropped-ws_1_2_11_fig.pdf to ws_1_2_11_fig.pdf
INFO    : converting ws_1_2_11_fig.pdf to ws_1_2_11_fig.svg
INFO    : converting ex_1_2_9_fig.tex to ex_1_2_9_fig.pdf
INFO    : cropping ex_1_2_9_fig.pdf to cropped-ex_1_2_9_fig.pdf
INFO    : renaming cropped-ex_1_2_9_fig.pdf to ex_1_2_9_fig.pdf
INFO    : converting ex_1_2_9_fig.pdf to ex_1_2_9_fig.svg
INFO    : converting ws_1_5_1_fig.tex to ws_1_5_1_fig.pdf
INFO    : cropping ws_1_5_1_fig.pdf to cropped-ws_1_5_1_fig.pdf
INFO    : renaming cropped-ws_1_5_1_fig.pdf to ws_1_5_1_fig.pdf
INFO    : converting ws_1_5_1_fig.pdf to ws_1_5_1_fig.svg
INFO    : converting fig_1_2_9_fig.tex to fig_1_2_9_fig.pdf
INFO    : cropping fig_1_2_9_fig.pdf to cropped-fig_1_2_9_fig.pdf
INFO    : renaming cropped-fig_1_2_9_fig.pdf to fig_1_2_9_fig.pdf
INFO    : converting fig_1_2_9_fig.pdf to fig_1_2_9_fig.svg
INFO    : converting 3_1_7_fig.tex to 3_1_7_fig.pdf
INFO    : cropping 3_1_7_fig.pdf to cropped-3_1_7_fig.pdf
INFO    : renaming cropped-3_1_7_fig.pdf to 3_1_7_fig.pdf
INFO    : converting 3_1_7_fig.pdf to 3_1_7_fig.svg
INFO    : converting ws_1_2_3_fig.tex to ws_1_2_3_fig.pdf
INFO    : cropping ws_1_2_3_fig.pdf to cropped-ws_1_2_3_fig.pdf
INFO    : renaming cropped-ws_1_2_3_fig.pdf to ws_1_2_3_fig.pdf
INFO    : converting ws_1_2_3_fig.pdf to ws_1_2_3_fig.svg
INFO    : converting ex_1_4_1_fig.tex to ex_1_4_1_fig.pdf
INFO    : cropping ex_1_4_1_fig.pdf to cropped-ex_1_4_1_fig.pdf
INFO    : renaming cropped-ex_1_4_1_fig.pdf to ex_1_4_1_fig.pdf
INFO    : converting ex_1_4_1_fig.pdf to ex_1_4_1_fig.svg
INFO    : converting 3_4_2_fig.tex to 3_4_2_fig.pdf
INFO    : cropping 3_4_2_fig.pdf to cropped-3_4_2_fig.pdf
INFO    : renaming cropped-3_4_2_fig.pdf to 3_4_2_fig.pdf
INFO    : converting 3_4_2_fig.pdf to 3_4_2_fig.svg
INFO    : converting ws_1_4_2_fig.tex to ws_1_4_2_fig.pdf
INFO    : cropping ws_1_4_2_fig.pdf to cropped-ws_1_4_2_fig.pdf
INFO    : renaming cropped-ws_1_4_2_fig.pdf to ws_1_4_2_fig.pdf
INFO    : converting ws_1_4_2_fig.pdf to ws_1_4_2_fig.svg
INFO    : converting 2_1_1_fig.tex to 2_1_1_fig.pdf
INFO    : cropping 2_1_1_fig.pdf to cropped-2_1_1_fig.pdf
INFO    : renaming cropped-2_1_1_fig.pdf to 2_1_1_fig.pdf
INFO    : converting 2_1_1_fig.pdf to 2_1_1_fig.svg
INFO    : converting 4_4_7_fig.tex to 4_4_7_fig.pdf
INFO    : cropping 4_4_7_fig.pdf to cropped-4_4_7_fig.pdf
INFO    : renaming cropped-4_4_7_fig.pdf to 4_4_7_fig.pdf
INFO    : converting 4_4_7_fig.pdf to 4_4_7_fig.svg
INFO    : converting ex_1_5_2_fig.tex to ex_1_5_2_fig.pdf
INFO    : cropping ex_1_5_2_fig.pdf to cropped-ex_1_5_2_fig.pdf
INFO    : renaming cropped-ex_1_5_2_fig.pdf to ex_1_5_2_fig.pdf
INFO    : converting ex_1_5_2_fig.pdf to ex_1_5_2_fig.svg
INFO    : converting 1_4_6_fig.tex to 1_4_6_fig.pdf
INFO    : cropping 1_4_6_fig.pdf to cropped-1_4_6_fig.pdf
INFO    : renaming cropped-1_4_6_fig.pdf to 1_4_6_fig.pdf
INFO    : converting 1_4_6_fig.pdf to 1_4_6_fig.svg
INFO    : converting ex_4_4_9_fig.tex to ex_4_4_9_fig.pdf
INFO    : cropping ex_4_4_9_fig.pdf to cropped-ex_4_4_9_fig.pdf
INFO    : renaming cropped-ex_4_4_9_fig.pdf to ex_4_4_9_fig.pdf
INFO    : converting ex_4_4_9_fig.pdf to ex_4_4_9_fig.svg
INFO    : converting 3_4_3_fig.tex to 3_4_3_fig.pdf
INFO    : cropping 3_4_3_fig.pdf to cropped-3_4_3_fig.pdf
INFO    : renaming cropped-3_4_3_fig.pdf to 3_4_3_fig.pdf
INFO    : converting 3_4_3_fig.pdf to 3_4_3_fig.svg
INFO    : converting 4_3_4_fig.tex to 4_3_4_fig.pdf
INFO    : cropping 4_3_4_fig.pdf to cropped-4_3_4_fig.pdf
INFO    : renaming cropped-4_3_4_fig.pdf to 4_3_4_fig.pdf
INFO    : converting 4_3_4_fig.pdf to 4_3_4_fig.svg
INFO    : converting ex_1_2_1_fig.tex to ex_1_2_1_fig.pdf
INFO    : cropping ex_1_2_1_fig.pdf to cropped-ex_1_2_1_fig.pdf
INFO    : renaming cropped-ex_1_2_1_fig.pdf to ex_1_2_1_fig.pdf
INFO    : converting ex_1_2_1_fig.pdf to ex_1_2_1_fig.svg
INFO    : converting 4_4_6_fig.tex to 4_4_6_fig.pdf
INFO    : cropping 4_4_6_fig.pdf to cropped-4_4_6_fig.pdf
INFO    : renaming cropped-4_4_6_fig.pdf to 4_4_6_fig.pdf
INFO    : converting 4_4_6_fig.pdf to 4_4_6_fig.svg
INFO    : converting fig_1_2_1_fig.tex to fig_1_2_1_fig.pdf
INFO    : cropping fig_1_2_1_fig.pdf to cropped-fig_1_2_1_fig.pdf
INFO    : renaming cropped-fig_1_2_1_fig.pdf to fig_1_2_1_fig.pdf
INFO    : converting fig_1_2_1_fig.pdf to fig_1_2_1_fig.svg
INFO    : converting 1_4_7_fig.tex to 1_4_7_fig.pdf
INFO    : cropping 1_4_7_fig.pdf to cropped-1_4_7_fig.pdf
INFO    : renaming cropped-1_4_7_fig.pdf to 1_4_7_fig.pdf
INFO    : converting 1_4_7_fig.pdf to 1_4_7_fig.svg
INFO    : converting 4_3_summary_even_pos_fig.tex to 4_3_summary_even_pos_fig.pdf
INFO    : cropping 4_3_summary_even_pos_fig.pdf to cropped-4_3_summary_even_pos_fig.pdf
INFO    : renaming cropped-4_3_summary_even_pos_fig.pdf to 4_3_summary_even_pos_fig.pdf
INFO    : converting 4_3_summary_even_pos_fig.pdf to 4_3_summary_even_pos_fig.svg
INFO    : converting ex_3_1_1_fig.tex to ex_3_1_1_fig.pdf
INFO    : cropping ex_3_1_1_fig.pdf to cropped-ex_3_1_1_fig.pdf
INFO    : renaming cropped-ex_3_1_1_fig.pdf to ex_3_1_1_fig.pdf
INFO    : converting ex_3_1_1_fig.pdf to ex_3_1_1_fig.svg
INFO    : converting ex_1_2_8_fig.tex to ex_1_2_8_fig.pdf
INFO    : cropping ex_1_2_8_fig.pdf to cropped-ex_1_2_8_fig.pdf
INFO    : renaming cropped-ex_1_2_8_fig.pdf to ex_1_2_8_fig.pdf
INFO    : converting ex_1_2_8_fig.pdf to ex_1_2_8_fig.svg
INFO    : converting ex_4_3_11_fig.tex to ex_4_3_11_fig.pdf
INFO    : cropping ex_4_3_11_fig.pdf to cropped-ex_4_3_11_fig.pdf
INFO    : renaming cropped-ex_4_3_11_fig.pdf to ex_4_3_11_fig.pdf
INFO    : converting ex_4_3_11_fig.pdf to ex_4_3_11_fig.svg
INFO    : converting ex_4_3_3_fig.tex to ex_4_3_3_fig.pdf
INFO    : cropping ex_4_3_3_fig.pdf to cropped-ex_4_3_3_fig.pdf
INFO    : renaming cropped-ex_4_3_3_fig.pdf to ex_4_3_3_fig.pdf
INFO    : converting ex_4_3_3_fig.pdf to ex_4_3_3_fig.svg
INFO    : converting ws_1_2_10_fig.tex to ws_1_2_10_fig.pdf
INFO    : cropping ws_1_2_10_fig.pdf to cropped-ws_1_2_10_fig.pdf
INFO    : renaming cropped-ws_1_2_10_fig.pdf to ws_1_2_10_fig.pdf
INFO    : converting ws_1_2_10_fig.pdf to ws_1_2_10_fig.svg
INFO    : converting ex_1_3_2_fig.tex to ex_1_3_2_fig.pdf
INFO    : cropping ex_1_3_2_fig.pdf to cropped-ex_1_3_2_fig.pdf
INFO    : renaming cropped-ex_1_3_2_fig.pdf to ex_1_3_2_fig.pdf
INFO    : converting ex_1_3_2_fig.pdf to ex_1_3_2_fig.svg
INFO    : converting fig_1_2_8_fig.tex to fig_1_2_8_fig.pdf
INFO    : cropping fig_1_2_8_fig.pdf to cropped-fig_1_2_8_fig.pdf
INFO    : renaming cropped-fig_1_2_8_fig.pdf to fig_1_2_8_fig.pdf
INFO    : converting fig_1_2_8_fig.pdf to fig_1_2_8_fig.svg
INFO    : converting 4_3_summary_even_neg_fig.tex to 4_3_summary_even_neg_fig.pdf
INFO    : cropping 4_3_summary_even_neg_fig.pdf to cropped-4_3_summary_even_neg_fig.pdf
INFO    : renaming cropped-4_3_summary_even_neg_fig.pdf to 4_3_summary_even_neg_fig.pdf
INFO    : converting 4_3_summary_even_neg_fig.pdf to 4_3_summary_even_neg_fig.svg
INFO    : converting ws_1_2_2_fig.tex to ws_1_2_2_fig.pdf
INFO    : cropping ws_1_2_2_fig.pdf to cropped-ws_1_2_2_fig.pdf
INFO    : renaming cropped-ws_1_2_2_fig.pdf to ws_1_2_2_fig.pdf
INFO    : converting ws_1_2_2_fig.pdf to ws_1_2_2_fig.svg
INFO    : converting 1_5_4_fig.tex to 1_5_4_fig.pdf
INFO    : cropping 1_5_4_fig.pdf to cropped-1_5_4_fig.pdf
INFO    : renaming cropped-1_5_4_fig.pdf to 1_5_4_fig.pdf
INFO    : converting 1_5_4_fig.pdf to 1_5_4_fig.svg
INFO    : converting 3_1_6_fig.tex to 3_1_6_fig.pdf
INFO    : cropping 3_1_6_fig.pdf to cropped-3_1_6_fig.pdf
INFO    : renaming cropped-3_1_6_fig.pdf to 3_1_6_fig.pdf
INFO    : converting 3_1_6_fig.pdf to 3_1_6_fig.svg
ERROR   : Unable to generate some latex-image assets:
 LaTeX compilation failed for 3 "latex-image"(s).
Review the log for error messages, and LaTeX transcripts.
Images are:
  ws_1_2_6_fig.tex
  ws_1_2_5_fig.tex
  ws_1_2_9_fig.tex
INFO    : Removing temporary directory /var/folders/n6/n642y1m14g7_wy5sv_qrzksh0000gn/T/ptx-lp6r5w0u
INFO    : Removing temporary directory /var/folders/n6/n642y1m14g7_wy5sv_qrzksh0000gn/T/ptx-9uadzgkq
INFO    : Finished generating assets.

INFO    : Building with custom xsl /Users/Kyle/Desktop/m103-new/xsl/pretext-html.xsl
INFO    : Preparing to build into /Users/Kyle/Desktop/m103-new/output/web.
INFO    : discovering source file's directory name: /Users/Kyle/Desktop/m103-new/source
INFO    : verifying and expanding input directory: /Users/Kyle/Desktop/m103-new/source/../generated-assets
INFO    : input directory expanded to absolute path: /Users/Kyle/Desktop/m103-new/generated-assets
INFO    : verifying and expanding input directory: /Users/Kyle/Desktop/m103-new/source/../assets
INFO    : input directory expanded to absolute path: /Users/Kyle/Desktop/m103-new/assets
INFO    : discovering source file's directory name: /Users/Kyle/Desktop/m103-new/source
INFO    : XSL conversion of /Users/Kyle/Desktop/m103-new/source/main.ptx by /Users/Kyle/.ptx/2.40.2/core/xsl/utilities/report-publisher-variables.xsl
INFO    : successful application of /Users/Kyle/.ptx/2.40.2/core/xsl/utilities/report-publisher-variables.xsl
INFO    : Downloading rs services file from https://runestone.academy/cdn/runestone/latest/webpack_static_imports.xml.
INFO    : Runestone Services via online CDN query: version 8.1.1
INFO    : Downloading Runestone Services, version 8.1.1
INFO    : Extracting Runestone Services from archive file
INFO    : Building custom css theme: theme-denver
INFO    : converting /Users/Kyle/Desktop/m103-new/source/main.ptx to HTML in /var/folders/n6/n642y1m14g7_wy5sv_qrzksh0000gn/T/ptx-b1mm2x0a
INFO    : XSL conversion of /Users/Kyle/Desktop/m103-new/source/main.ptx by /var/folders/n6/n642y1m14g7_wy5sv_qrzksh0000gn/T/ptxcli_2g2420p7/cli_xsl/pretext-html.xsl
INFO    : messages from the log for XSL processing:
INFO    : * PTX:INFO:   checking all deprecated elements.
INFO    : successful application of /var/folders/n6/n642y1m14g7_wy5sv_qrzksh0000gn/T/ptxcli_2g2420p7/cli_xsl/pretext-html.xsl
INFO    : Removing temporary directory /var/folders/n6/n642y1m14g7_wy5sv_qrzksh0000gn/T/ptx-b1mm2x0a
INFO    : Removing temporary directory /var/folders/n6/n642y1m14g7_wy5sv_qrzksh0000gn/T/ptx-p298z8tp
INFO    : 
Finished build for target web. Run `pretext view web` to see the results.

CRITICAL: There were errors during the build.  See above.
INFO    : ------------------------
CRITICAL: Failed to build without errors.  Exiting...
INFO    : 
----------------------------------------------------
INFO    : While running pretext, the following errors occurred:

INFO    : (see log messages above or in the 'logs' folder for more information)
INFO    : ----------------------------------------------------
